// Jest Snapshot v1, https://goo.gl/fbAQLP

exports[`EditLink renders correctly 1`] = `null`;
